<html>
<body>
<pre>
<h1>礦ision Build Log</h1>
<h2>Tool Versions:</h2>
IDE-Version: μVision V5.15
Copyright (C) 2015 ARM Ltd and ARM Germany GmbH. All rights reserved.
License Information:  ,  , LIC=CRMUH-WAZC0-D2EL7-E1FME-9QM6S-Y50YC
 
Tool Versions:
Toolchain:       MDK-ARM Professional  Version: 5.15.0
Toolchain Path:  Z:\Keil\ARM\ARMCC\Bin
C Compiler:      Armcc.exe V5.05 update 2 (build 169)
Assembler:       Armasm.exe V5.05 update 2 (build 169)
Linker/Locator:  ArmLink.exe V5.05 update 2 (build 169)
Library Manager: ArmAr.exe V5.05 update 2 (build 169)
Hex Converter:   FromElf.exe V5.05 update 2 (build 169)
CPU DLL:         SARMCM3.DLL V5.15.0
Dialog DLL:      DCM.DLL V1.13.2.0
Target DLL:      STLink\ST-LINKIII-KEIL_SWO.dll V2.0.15.0_KEIL
Dialog DLL:      TCM.DLL V1.14.5.0
 
<h2>Project:</h2>
C:\Users\杰哥\Desktop\大学\1大学课程\课程-单片机\PC-UART\MDK-ARM\PC-UART.uvprojx
Project File Date:  01/10/2021

<h2>Output:</h2>
*** Using Compiler 'V5.05 update 2 (build 169)', folder: 'Z:\Keil\ARM\ARMCC\Bin'
Build target 'PC-UART'
compiling main.c...
linking...
PC-UART\PC-UART.axf: Warning: L6988W: Ignoring unknown patch sdcomp-29491-629360.
Program Size: Code=7764 RO-data=568 RW-data=24 ZI-data=1296  
Finished: 0 information, 1 warning and 0 error messages.
FromELF: creating hex file...
"PC-UART\PC-UART.axf" - 0 Error(s), 1 Warning(s).

<h2>Software Packages used:</h2>

Package Vendor: ARM
                http://www.keil.com/pack/ARM.CMSIS.5.5.1.pack
                ARM::CMSIS:CORE:5.2.0
                CMSIS (Cortex Microcontroller Software Interface Standard)
   * Component: CORE Version: 5.2.0

<h2>Collection of Component include folders:</h2>
  C:\Users\杰哥\Desktop\大学\1大学课程\课程-单片机\PC-UART\MDK-ARM\RTE
  Z:\Keil\ARM\PACK\ARM\CMSIS\5.5.1\CMSIS\Core\Include
  Z:\Keil\ARM\PACK\Keil\STM32L4xx_DFP\2.2.0\Drivers\CMSIS\Device\ST\STM32L4xx\Include

<h2>Collection of Component Files used:</h2>

   * Component: ARM::CMSIS:CORE:5.2.0
</pre>
</body>
</html>
